node.exe : npm warn Unknown env config "devdir". This will stop working in the next major version of npm.
発生場所 行:1 文字:1
+ & "C:\Program Files\nodejs/node.exe" "C:\Program Files\nodejs/node_mo ...
+ ~~~~~~~~~~~~~~~~~~~~~~~~~~~~~~~~~~~~~~~~~~~~~~~~~~~~~~~~~~~~~~~~~~~~~
    + CategoryInfo          : NotSpecified: (npm warn Unknow...version of npm.:String) [], RemoteException
    + FullyQualifiedErrorId : NativeCommandError
 

> care-taxi-meter@0.1.0 build
> tsc -b && vite build

vite v8.0.16 building client environment for production...
[2K
transforming...笨・342 modules transformed.
